Django at glance
----------------
Reporter.objects.get(full_name__startswith="John")
<Reporter: John Smith>
>>> Reporter.objects.get(full_name__contains="mith")
>>> Article.objects.all()
<QuerySet [<Article: Django is cool>]>

# Article objects get API access to related Reporter objects.
>>> r = a.reporter
>>> r.full_name
'John Smith'

# And vice versa: Reporter objects get API access to Article objects.
>>> r.article_set.all()
<QuerySet [<Article: Django is cool>]>


tutorials
---------
>>> from django.utils import timezone
>>> current_year = timezone.now().year
>>> Question.objects.get(pub_date__year=current_year)
====================================================
mess with related_name and related_query_name
mess with JSONField and ArrayField

@property:
----------
It is a decorator
.getter methods 
.you don't acces it like a method
.Read-Only Access: The @property method cannot be modified like a normal attribute.
.Computed Properties: Useful for values derived from other fields without storing extra data.
.Code Simplicity: No need to call it like a method (obj.method()), just use obj.attribute.
@classmethod
-------------
The @classmethod decorator in Python is used to define a method that belongs to the class itself, 
rather than an instance of the class. It allows the method to access and modify class-level 
attributes instead of instance attributes.
@classmethod
    def get_class_attribute(cls):
        return cls.class_attribute

How It Works
@classmethod makes get_class_attribute a class method.
It takes cls (the class itself) as its first parameter instead of self (instance).
It can access or modify class attributes.
usage:
print(MyClass.get_class_attribute())  # Output: "Hello, World!"

@staticmethod
-------------
The @staticmethod decorator in Python defines a method that does not depend on instance (self) or class (cls) attributes. It behaves like a regular function but is inside a class for organizational purposes.
A common use case for @staticmethod in Django is utility functions that do not need class or instance attributes.
from django.db import models

class Order(models.Model):
    amount = models.DecimalField(max_digits=10, decimal_places=2)

    @staticmethod
    def format_currency(amount):
        return f"${amount:,.2f}"  # Format as currency

# Usage
print(Order.format_currency(1500))  # Output: "$1,500.00"

Feature	                @staticmethod	@classmethod	Instance Method
Takes self?	        ‚ùå No	        ‚ùå No	        ‚úÖ Yes
Takes cls?	        ‚ùå No	        ‚úÖ Yes	        ‚ùå No
Can modify class?	‚ùå No	        ‚úÖ Yes	        ‚ùå No
Can modify instance?	‚ùå No	        ‚ùå No	        ‚úÖ Yes

@cached_property
----------------
The @cached_property decorator in Django is used to cache the result of a method as a property. This means the method is only executed once per instance, and subsequent accesses return the cached value instead of recalculating it.

‚ùå back to this:  select_related,and prefect_related and annotate

le 18/03/2025
--------------
back to related_name and related_query_names

# Find all authors who have a book titled "Django Basics"
Author.objects.filter(book__title="Django Basics")
More readable filtering (book__title instead of book_set__title).

emails = User.objects.filter(age__gte=18).values_list("email", flat=True).order_by("username")
print(emails)
üîπ Retrieves emails of users aged 18+, sorted alphabetically by username.
products = Product.objects.all()  # Retrieves all products
cheap_products = Product.objects.filter(price__lt=10)  # Products with price < 10

Filter
=====
charfield and textfield
1. Exact Match & Case Sensitivity
 a=Article.objects.filter(reporter__full_name__exact='Izompansavye Chalome')
 iexact ‚Üí Case-insensitive exact match
 a=Article.objects.filter(reporter__full_name__iexact='Izompansavye Chalome')
2. Partial Match & Containment
contains and icontains
3.
endswith and startswith
4.Null & Empty Checks
isnull=True

a=Article.objects.annotate(full_name_length=Length("reporter__full_name")).filter(full_name_length__gt=10)
a=Article.objects.annotate(full_name_length=Length("reporter__full_name")).filter(full_name_length__lt=10)
lt:lower than   gt:greater than lte:lower than or equal to   gte
Product.objects.filter(price__range=(50, 200))


User.objects.exclude(username__icontains="admin")
Product.objects.filter(price__modulo=(2, 0)) 

select_related:
==============
products = Product.objects.select_related("owner").all()
for product in products:
    print(product.owner.username)  # Now uses a single query
  ===>les noms de proprietaires
prefetch_related:
================
users = CustomUser.objects.prefetch_related("products").all()
for user in users:
    print(user.products.all())  # Uses prefetched data, no extra queries
=======>les produits
To fetch owner and products:
products = Product.objects.select_related("owner").prefetch_related("owner__products").all()
for product in products:
    print(product.owner.username, product.owner.products.all())  # Optimized!

products = Product.objects.select_related("owner").prefetch_related("owner__products").annotate(owner_product_count=Cou
         nt("owner__product")).distinct()
==>select_related("owner"): Optimizes fetching the owner (avoids extra queries).
prefetch_related("owner__products"): Prefetches all products of the owner.


In [182]: users = CustomUser.objects.prefetch_related("products").annotate(quantity=Count("product")).all()
     ...: for user in users:
     ...:     product_names = [product.name for product in user.products.all()]
     ...:     print(f"Owner::{user.username},his products are::{product_names},the total::{user.quantity}")



In [194]: products = Product.objects.select_related("owner").annotate(total_products=Count("owner__product")).values_list("name",
        ‚ãÆ "owner__username","total_products").distinct()

In [195]: for name, owner_username, total_products in products:
     ...:     print(f"Product Name: {name}, Owner: {owner_username}, Total Products: {total_products}")

Product.objects.order_by("owner__username", "-price")
üîπ Orders first by owner__username, then by price in descending order.

Product.objects.values("name", "price")
[
    {"name": "Phone", "price": 500},
    {"name": "Laptop", "price": 1200}
]

Product.objects.values_list("name", "price")
[
    ("Phone", 500),
    ("Laptop", 1200)
]
Product.objects.all()[:5]  # First 5 records
Product.objects.all()[5:10] # Skip first 5, then return next 5
from django.db.models import Case, When, IntegerField

Product.objects.annotate(
    discounted_price=Case(
        When(price__gte=1000, then=0.9 * Sum("price")),  # Apply 10% discount
        When(price__gte=500, then=0.95 * Sum("price")),  # Apply 5% discount
        default=Sum("price"),  # No discount
        output_field=IntegerField(),
    )
)


bulk_create, bulk_update

In [6]: products = [Product(name='juice',price=1000,owner=owner,quantity=5),Product(name='candy',price=1500,owner=owner,quantity=
      ‚ãÆ 10),Product(name='shoe',price=3000,owner=owner,quantity=15),Product(name='Trouser',price=2000,owner=owner,quantity=8)]

In [7]: Product.objects.bulk_create(products)

10. Database Transactions
If you want to ensure atomicity of database operations (where all operations succeed or none at all), you can use transaction.atomic().
from django.db import transaction

with transaction.atomic():
    # Perform multiple database operations here
    product = Product.objects.create(name='Product A', price=100)
    order = Order.objects.create(product=product, quantity=1)
    # If an error occurs, the transaction will be rolled back

                                                                  https://djangopackages.org/grids/g/ecommerce/
                                                                 https://www.geeksforgeeks.org/e-commerce-website-using-django/
                                                                 


Testing
======
>>> from django.test.utils import setup_test_environment
>>> setup_test_environment()

                                                   HOW TO CREATE A PIP INSTALL
                                                    =========================
python -m pip install django-debug-toolbar
1.First, create a parent directory for the package, outside of your Django project. Call this directory django-polls.
2.Move the polls directory into django-polls directory, and rename it to django_polls.
3.Edit django_polls/apps.py so that name refers to the new module name and add label to give a short name for the app:
from django.apps import AppConfig


class PollsConfig(AppConfig):
    default_auto_field = "django.db.models.BigAutoField"
    name = "django_polls"
    label = "polls"
4.Create a file django-polls/README.rst with the following contents:


https://docs.djangoproject.com/en/5.1/topics/db/

MODELS
=====
For choicees:
In [9]: product.category
Out[9]: 'OT'

In [10]: product.get_category_display()
Out[10]: 'Other'

In [11]: 
visit:  https://docs.djangoproject.com/en/5.1/ref/models/fields/#field-choices

>>> ringo = Person.objects.create(name="Ringo Starr")
>>> paul = Person.objects.create(name="Paul McCartney")
>>> beatles = Group.objects.create(name="The Beatles")
>>> m1 = Membership(
...     person=ringo,
...     group=beatles,
...     date_joined=date(1962, 8, 16),
...     invite_reason="Needed a new drummer.",
... )
>>> m1.save()
>>> beatles.members.all()
<QuerySet [<Person: Ringo Starr>]>
>>> ringo.group_set.all()
<QuerySet [<Group: The Beatles>]>
>>> m2 = Membership.objects.create(
...     person=paul,
...     group=beatles,
...     date_joined=date(1960, 8, 1),
...     invite_reason="Wanted to form a band.",
... )
>>> beatles.members.all()

You can also use add(), create(), or set() to create relationships, as long as you specify through_defaults for any required fields:

>>> beatles.members.add(john, through_defaults={"date_joined": date(1960, 8, 1)})
>>> beatles.members.create(
...     name="George Harrison", through_defaults={"date_joined": date(1960, 8, 1)}
... )
>>> beatles.members.set(
...     [john, paul, ringo, george], through_defaults={"date_joined": date(1960, 8, 1)}
... )

>>> beatles.members.remove(ringo)
>>> beatles.members.all()

to fetch memberships along with the associated person and group, you would domemberships = Membership.objects.select_related('person', 'group').all()

Model metadata
==============
api/v1/dbs/wallets/?client=1086  ==>liste de wallets

==============
Making queries
==============
chaining filters:
Entry.objects.filter(headline__startswith="What").exclude(
...     pub_date__gte=datetime.date.today()
... ).filter(pub_date__gte=datetime.date(2005, 1, 30))


For example, this would actually execute the query in order to return a list of every second object of the first 10:

>>> Entry.objects.all()[:10:2]

{
   "credit_account": "16-01",
   "credit_account_holder":"PIERRE-CLAVER KOKO BANYWERHA",
   "amount": 1000,
   "reference":"jki9",
   "description": "Depot",
   "pin_code": "2023"
}

{ 
   "debit_account": "69262642",
   "debit_account_holder": "John Doe",
   "amount": 3000,
   "description": "Retrait",
   "external_reference": "REF2023-09-25",
   "pin_code": "2023"
}
deposit-agent:
{
   "credit_account": "434-01",
   "credit_account_holder":"BARUTWANAYO JOEL",
   "amount": 1000,
   "external_reference":"jki9",
   "description": "Deposit testing integration",
   "pin_code": "4321"
}with the 1381

 { 
   "debit_account": "71000002",
   "debit_account_holder": "DON DELICE DUSHIME",
   "amount": 3000,
   "description": "Retrait test integrations",
   "external_reference": "REF2023-09-25",
   "pin_code": "4321"
}
with the 1086

class Product(models.Model):
    name = models.CharField(max_length=100)
    category = models.CharField(max_length=50)

    class Meta:
        constraints = [
            models.UniqueConstraint(fields=['name', 'category'], name='unique_product_per_category')
        ]
No two products can have the same name within the same category.

class Meta:
        constraints = [
            models.CheckConstraint(check=models.Q(age__gte=18), name='age_above_18')
        ]
Ensures age is at least 18.

    class Meta:
        constraints = [
            models.UniqueConstraint(
                fields=['sku'],
                name='unique_sku_when_active',
                condition=models.Q(is_active=True)
            )
        ]
This allows same SKU for inactive products, but active ones must be unique.

Copying model instances¬∂
Although there is no built-in method for copying model instances, it is possible to easily create new instance with all fields‚Äô values copied. In the simplest case, you can set pk to None and _state.adding to True. Using our blog example:

blog = Blog(name="My blog", tagline="Blogging is easy")
blog.save()  # blog.pk == 1

blog.pk = None
blog._state.adding = True
blog.save()  # blog.pk == 2

Entry.objects.update(number_of_pingbacks=F("number_of_pingbacks") + 1)

>>> Author.objects.filter(name__unaccent__icontains="Helen")
[<Author: Helen Mirren>, <Author: Helena Bonham Carter>, <Author: H√©l√®ne Joy>]

Transactions
multiple databases
managers
Tablespaces

social login:
https://www.hacksoft.io/blog/adding-google-login-to-your-existing-django-and-django-rest-framework-applications?utm_source=youtube&utm_medium=video&utm_campaign=Django-Campaign


https://medium.com/@michal.drozdze/django-rest-framework-jwt-authentication-social-login-login-with-google-8911332f1008
https://medium.com/@manjongmanka/password-resets-with-django-rest-framework-7122ffeadb6a
https://www.nilebits.com/blog/2024/10/how-to-build-secure-django-apps/
